[tamalsen.dev/index.html]
[backblue.gif]
[fade.gif]
[index.html]
[tamalsen.dev/wp-content/cache/autoptimize/css/autoptimize_4495385686853ab78c48d1389e3a5aa0.css]
[tamalsen.dev/wp-content/uploads/2021/11/tamalsen.dev-link-preview.jpg]
[tamalsen.dev/comments/feed/index.html]
[tamalsen.dev/feed/index.html]
[tamalsen.dev/wp-content/uploads/2019/10/oh__img100_small.jpg]
[tamalsen.dev/wp-content/cache/autoptimize/css/autoptimize_single_e2468ba530df7b96269ff011844df98c.css]
[tamalsen.dev/wp-content/cache/autoptimize/css/autoptimize_single_6bf89b1854212e67a321dba0bb861f69.css]
[tamalsen.dev/wp-content/cache/autoptimize/css/autoptimize_single_117d76745cfd1b197ab4e45a13c89682.css]
[tamalsen.dev/wp-includes/js/jquery/jquery.min.js]
[tamalsen.dev/xmlrpc0db0.php]
[tamalsen.dev/wp-content/uploads/2021/07/quote-icon.png]
[tamalsen.dev/wp-content/uploads/2021/12/hello-world-html-code-768x384.png]
[tamalsen.dev/wp-content/uploads/2021/11/cropped-favicon-32x32.png]
[tamalsen.dev/wp-content/uploads/2021/11/cropped-favicon-192x192.png]
[tamalsen.dev/wp-content/uploads/2021/11/cropped-favicon-180x180.png]
[tamalsen.dev/wp-content/uploads/2021/06/tamalsen_logo-light.png]
[tamalsen.dev/wp-content/uploads/2021/06/tamalsen_logo-dark.png]
[tamalsen.dev/wp-content/uploads/2021/07/right-side-arrow.png]
[tamalsen.dev/wp-content/uploads/2021/10/tryotel-animation-poster-test.png]
[tamalsen.dev/wp-content/uploads/2021/11/flighlocal-cover-image.jpg]
[tamalsen.dev/wp-content/uploads/2021/11/ailabgranada.com-poster.jpg]
[tamalsen.dev/wp-content/uploads/2021/07/tryotel_ios_mockup-scaled.jpg]
[tamalsen.dev/wp-content/uploads/2021/10/khora-urban-thinkers-poster-r.jpg]
[tamalsen.dev/wp-content/uploads/2021/10/tapy-co-poster.jpg]
[tamalsen.dev/project/tryotel-cross-platform-travel-app/index.html]
[tamalsen.dev/wp-content/uploads/2021/10/walkerip-com-poster.jpg]
[tamalsen.dev/project/flight-local/index.html]
[tamalsen.dev/wp-content/uploads/2021/11/tryotel-b2c-cover.jpg]
[tamalsen.dev/wp-content/uploads/2021/10/kananaskis-nordic-spa-poster.jpg]
[tamalsen.dev/wp-content/uploads/2021/10/ahigherthought.com-poster.jpg]
[tamalsen.dev/portfolio-category/web-dev/index.html]
[tamalsen.dev/project/ai-lab-granada/index.html]
[tamalsen.dev/project/khora-urban-thinkers/index.html]
[tamalsen.dev/wp-content/uploads/2021/11/all-the-roads-of-chittagong-cover.jpg]
[tamalsen.dev/wp-content/uploads/2021/07/SG-logo@2x.png]
[tamalsen.dev/wp-content/uploads/2021/11/influencethis-logo-265px.png]
[tamalsen.dev/project/tapy/index.html]
[tamalsen.dev/project/walkerip/index.html]
[tamalsen.dev/project/tryotel-web-b2c/index.html]
[tamalsen.dev/project/kananaskis-nordic-spa-website/index.html]
[tamalsen.dev/wp-content/uploads/2021/07/upwork-logo-300x225.png]
[tamalsen.dev/project/a-higher-thought/index.html]
[tamalsen.dev/project/all-the-roads-of-chittagong/index.html]
[tamalsen.dev/cdn-cgi/l/email-protection.html]
[tamalsen.dev/portfolio-category/data-viz/index.html]
[tamalsen.dev/wp-content/uploads/2021/07/mark_portrait_circle.png]
[tamalsen.dev/wp-content/uploads/2021/07/wilfried_hajek_portrait_circle.png]
[tamalsen.dev/wp-content/uploads/2021/07/jonathan_castro_gleam.png]
[tamalsen.dev/cdn-cgi/scripts/5c5dd728/cloudflare-static/email-decode.min.js]
[tamalsen.dev/wp-content/plugins/autoptimize/classes/external/js/lazysizes.min.js]
[tamalsen.dev/wp-content/cache/autoptimize/css/autoptimize_single_09ba3a95be4621714e3408982b13f140.css]
[tamalsen.dev/wp-content/cache/autoptimize/css/autoptimize_single_a46a0fceb4cca53c4753c5bf6e776cf6.css]
[tamalsen.dev/wp-content/cache/autoptimize/css/autoptimize_single_ec851c1af7799610f9364808b29ee246.css]
[tamalsen.dev/wp-includes/js/dist/vendor/wp-polyfill-inert.min.js]
[tamalsen.dev/wp-includes/js/dist/vendor/regenerator-runtime.min.js]
[tamalsen.dev/wp-includes/js/dist/vendor/wp-polyfill.min.js]
[tamalsen.dev/wp-includes/js/dist/hooks.min.js]
[tamalsen.dev/wp-includes/js/dist/i18n.min.js]
[tamalsen.dev/index.html]
[tamalsen.dev/wp-content/themes/ohio/images/bg-full.30.delayed]
[tamalsen.dev/wp-content/plugins/elementor/assets/lib/font-awesome/fonts/fontawesome-webfont3e6e.eot]
[tamalsen.dev/wp-content/plugins/elementor/assets/lib/font-awesome/webfonts/fa-solid-900.eot]
[tamalsen.dev/wp-content/plugins/elementor/assets/lib/eicons/fonts/eiconsc63f.eot]
[tamalsen.dev/wp-content/cache/autoptimize/css/autoptimize_4495385686853ab78c48d1389e3a5aa0.css]
[tamalsen.dev/wp-content/cache/autoptimize/js/autoptimize_0a203e77c456f45fb88ffa685d8b8a12.js]
[tamalsen.dev/wp-content/cache/autoptimize/css/autoptimize_single_e2468ba530df7b96269ff011844df98c.css]
[tamalsen.dev/wp-content/uploads/2021/07/tamalsen-home-cover.jpg]
[tamalsen.dev/wp-content/themes/ohio/assets/fonts/ionicons/webfonts/ionicons1fc6.eot]
[tamalsen.dev/wp-content/cache/autoptimize/css/autoptimize_single_6bf89b1854212e67a321dba0bb861f69.css]
[tamalsen.dev/wp-content/cache/autoptimize/css/autoptimize_single_117d76745cfd1b197ab4e45a13c89682.css]
[www.googletagmanager.com/gtm5445.html]
[tamalsen.dev/wp-content/themes/ohio/assets/fonts/fa/webfonts/fa-brands-400.eot]
[tamalsen.dev/wp-content/uploads/2021/07/tryotel_ios_mockup-1920x1200.jpg]
[tamalsen.dev/wp-content/plugins/elementor/assets/lib/font-awesome/webfonts/fa-brands-400.eot]
[tamalsen.dev/wp-content/cache/autoptimize/css/autoptimize_92688ecb6f8d88509a04b1b8517d1088.css]
[tamalsen.dev/wp-content/uploads/2021/10/tryotel-app-full.jpg]
[tamalsen.dev/project/tryotel-cross-platform-travel-app/index.html]
[tamalsen.dev/wp-content/cache/autoptimize/js/autoptimize_f7288e0cd74e7772040f69753125c051.js]
[tamalsen.dev/wp-content/uploads/2021/11/2021-11-09_183502.jpg]
[tamalsen.dev/wp-content/uploads/2021/11/booking-panel.jpg]
[tamalsen.dev/wp-content/uploads/2021/11/booking-feed.jpg]
[tamalsen.dev/wp-content/uploads/2021/11/booking-list.jpg]
[tamalsen.dev/project/flight-local/index.html]
[tamalsen.dev/wp-content/uploads/2021/11/flighlocal-cover-image-1024x768.jpg]
[tamalsen.dev/portfolio-category/web-dev/feed/index.html]
[tamalsen.dev/wp-content/uploads/2021/11/ailabgranada.com-poster-1024x768.jpg]
[tamalsen.dev/wp-content/uploads/2021/10/khora-urban-thinkers-poster-r-1024x768.jpg]
[tamalsen.dev/wp-content/uploads/2021/10/tapy-co-poster-1024x768.jpg]
[tamalsen.dev/wp-content/uploads/2021/10/walkerip-com-poster-1024x683.jpg]
[tamalsen.dev/wp-content/uploads/2021/11/tryotel-b2c-cover-1024x768.jpg]
[tamalsen.dev/wp-content/uploads/2021/10/kananaskis-nordic-spa-poster-1024x764.jpg]
[tamalsen.dev/wp-content/uploads/2021/10/ahigherthought.com-poster-1024x768.jpg]
[tamalsen.dev/portfolio-category/web-dev/index.html]
[tamalsen.dev/wp-content/uploads/2021/11/ailabgranada-home-full.jpg]
[tamalsen.dev/project/ai-lab-granada/index.html]
[tamalsen.dev/wp-content/uploads/2021/10/khora-website-screenshot-ui-1435x9999.jpg]
[tamalsen.dev/project/khora-urban-thinkers/index.html]
[tamalsen.dev/wp-content/uploads/2021/10/tapy.co-web-screeshot-ui.jpg]
[tamalsen.dev/project/tapy/index.html]
[tamalsen.dev/wp-content/uploads/2021/10/walkerip.com-web-ui.jpg]
[tamalsen.dev/wp-content/uploads/2021/10/walkerip.com-web-contact.jpg]
[tamalsen.dev/wp-content/uploads/2021/11/walkerip.com-web-team.jpg]
[tamalsen.dev/wp-content/uploads/2021/10/walkerip.com-web-experience.jpg]
[tamalsen.dev/project/walkerip/index.html]
[tamalsen.dev/wp-content/uploads/2021/11/tryotel-web-journey.jpg]
[tamalsen.dev/project/tryotel-web-b2c/index.html]
[tamalsen.dev/wp-content/uploads/2021/03/Website-Welcome-2019.jpg]
[tamalsen.dev/wp-content/uploads/2021/03/Partner-Promotions.jpg]
[tamalsen.dev/wp-content/uploads/2021/03/Website-Mockup-2.jpg]
[tamalsen.dev/project/kananaskis-nordic-spa-website/index.html]
[tamalsen.dev/wp-content/uploads/2021/03/ahigherthought-web-ui.jpg]
[tamalsen.dev/project/a-higher-thought/index.html]
[tamalsen.dev/viz/geo/all-the-roads-of-chittagong.jpg]
[tamalsen.dev/wp-content/uploads/2021/03/all-the-roads-of-chittagong-1920x2748.jpg]
[tamalsen.dev/project/all-the-roads-of-chittagong/index.html]
[tamalsen.dev/wp-content/uploads/2021/11/all-the-roads-of-chittagong-cover-1024x768.jpg]
[tamalsen.dev/portfolio-category/data-viz/index.html]
[tamalsen.dev/cdn-cgi/l/email-protection.html]
[tamalsen.dev/wp-content/cache/autoptimize/css/autoptimize_single_09ba3a95be4621714e3408982b13f140.css]
[tamalsen.dev/wp-content/cache/autoptimize/css/autoptimize_single_a46a0fceb4cca53c4753c5bf6e776cf6.css]
[tamalsen.dev/wp-content/cache/autoptimize/css/autoptimize_single_ec851c1af7799610f9364808b29ee246.css]
[tamalsen.dev/wp-content/themes/ohio/images/bg-full.html]
[tamalsen.dev/portfolio-category/data-viz/feed/index.html]
[tamalsen.dev/wp-content/plugins/happy-elementor-addons/assets/fonts/happy-icons.woff2]
[tamalsen.dev/wp-content/cache/autoptimize/css/autoptimize_92688ecb6f8d88509a04b1b8517d1088.css]
[tamalsen.dev/index0017.html]
[tamalsen.dev/index5d1c.html]
[tamalsen.dev/index6248.html]
[tamalsen.dev/index7dde.html]
[tamalsen.dev/index2804.html]
[tamalsen.dev/indexf6c1.html]
[tamalsen.dev/index240b.html]
[tamalsen.dev/index97c1.html]
[tamalsen.dev/index6632.html]
[tamalsen.dev/index006f.html]
[tamalsen.dev/wp-content/plugins/slider-revolution/public/assets/fonts/revicons/revicons90c6.eot]
